// Jest Snapshot v1, https://goo.gl/fbAQLP

exports[`ActionBar renders correctly 1`] = `
<div
  className="actionbar-container"
>
  <button
    className="button action"
    disabled={false}
    name={undefined}
    onClick={[Function]}
    title="Heading 1"
  >
    H1
  </button>
  <button
    className="button action"
    disabled={false}
    name={undefined}
    onClick={[Function]}
    title="Heading 2"
  >
    H2
  </button>
  <button
    className="button action"
    disabled={false}
    name={undefined}
    onClick={[Function]}
    title="Heading 3"
  >
    H3
  </button>
  <button
    className="button action"
    disabled={false}
    name={undefined}
    onClick={[Function]}
    title="Bold"
  >
    <i
      aria-hidden="true"
      className="fa fa-bold"
    />
  </button>
  <button
    className="button action"
    disabled={false}
    name={undefined}
    onClick={[Function]}
    title="Italic"
  >
    <i
      aria-hidden="true"
      className="fa fa-italic"
    />
  </button>
  <button
    className="button action"
    disabled={false}
    name={undefined}
    onClick={[Function]}
    title="Unordered List"
  >
    <i
      aria-hidden="true"
      className="fa fa-list-ul"
    />
  </button>
  <button
    className="button action"
    disabled={false}
    name={undefined}
    onClick={[Function]}
    title="Ordered List"
  >
    <i
      aria-hidden="true"
      className="fa fa-list-ol"
    />
  </button>
</div>
`;
