// Jest Snapshot v1, https://goo.gl/fbAQLP

exports[`App renders correctly 1`] = `
<div>
  <div
    className="container"
  >
    <div
      className="editor-container"
    >
      <div
        className="actionbar-container"
      >
        <button
          className="button action"
          disabled={false}
          name={undefined}
          onClick={[Function]}
          title="Heading 1"
        >
          H1
        </button>
        <button
          className="button action"
          disabled={false}
          name={undefined}
          onClick={[Function]}
          title="Heading 2"
        >
          H2
        </button>
        <button
          className="button action"
          disabled={false}
          name={undefined}
          onClick={[Function]}
          title="Heading 3"
        >
          H3
        </button>
        <button
          className="button action"
          disabled={false}
          name={undefined}
          onClick={[Function]}
          title="Bold"
        >
          <i
            aria-hidden="true"
            className="fa fa-bold"
          />
        </button>
        <button
          className="button action"
          disabled={false}
          name={undefined}
          onClick={[Function]}
          title="Italic"
        >
          <i
            aria-hidden="true"
            className="fa fa-italic"
          />
        </button>
        <button
          className="button action"
          disabled={false}
          name={undefined}
          onClick={[Function]}
          title="Unordered List"
        >
          <i
            aria-hidden="true"
            className="fa fa-list-ul"
          />
        </button>
        <button
          className="button action"
          disabled={false}
          name={undefined}
          onClick={[Function]}
          title="Ordered List"
        >
          <i
            aria-hidden="true"
            className="fa fa-list-ol"
          />
        </button>
      </div>
      <div
        className="editor markdown-body"
        contentEditable="true"
        id="editor"
        onInput={[Function]}
      />
    </div>
    <div
      className="result-container"
    >
      <div
        className="btn-wrapper"
      >
        <button
          className="button action"
          disabled={true}
          name={undefined}
          onClick={[Function]}
          title="Copy Generated Markdown"
        >
          <i
            aria-hidden="true"
            className="fa fa-copy"
          />
        </button>
        <button
          className="button action"
          disabled={true}
          name={undefined}
          onClick={[Function]}
          title="Download as README.md file"
        >
          <i
            aria-hidden="true"
            className="fa fa-download"
          />
        </button>
      </div>
      <textarea
        readOnly={true}
      />
    </div>
    <div
      className="messageBox success hide"
    />
  </div>
</div>
`;
